Archive member included to satisfy reference by file (symbol)

c:/st/stm32cubeide_1.0.1/stm32cubeide/plugins/com.st.stm32cube.ide.mcu.externaltools.gnu-tools-for-stm32.7-2018-q2-update.win32_1.0.0.201904181610/tools/bin/../lib/gcc/arm-none-eabi/7.3.1/../../../../arm-none-eabi/lib/thumb/v7-m\libc_nano.a(lib_a-errno.o)
                              Src/syscalls.o (__errno)
c:/st/stm32cubeide_1.0.1/stm32cubeide/plugins/com.st.stm32cube.ide.mcu.externaltools.gnu-tools-for-stm32.7-2018-q2-update.win32_1.0.0.201904181610/tools/bin/../lib/gcc/arm-none-eabi/7.3.1/../../../../arm-none-eabi/lib/thumb/v7-m\libc_nano.a(lib_a-exit.o)
                              c:/st/stm32cubeide_1.0.1/stm32cubeide/plugins/com.st.stm32cube.ide.mcu.externaltools.gnu-tools-for-stm32.7-2018-q2-update.win32_1.0.0.201904181610/tools/bin/../lib/gcc/arm-none-eabi/7.3.1/../../../../arm-none-eabi/lib/thumb/v7-m/crt0.o (exit)
c:/st/stm32cubeide_1.0.1/stm32cubeide/plugins/com.st.stm32cube.ide.mcu.externaltools.gnu-tools-for-stm32.7-2018-q2-update.win32_1.0.0.201904181610/tools/bin/../lib/gcc/arm-none-eabi/7.3.1/../../../../arm-none-eabi/lib/thumb/v7-m\libc_nano.a(lib_a-impure.o)
                              c:/st/stm32cubeide_1.0.1/stm32cubeide/plugins/com.st.stm32cube.ide.mcu.externaltools.gnu-tools-for-stm32.7-2018-q2-update.win32_1.0.0.201904181610/tools/bin/../lib/gcc/arm-none-eabi/7.3.1/../../../../arm-none-eabi/lib/thumb/v7-m\libc_nano.a(lib_a-exit.o) (_global_impure_ptr)
c:/st/stm32cubeide_1.0.1/stm32cubeide/plugins/com.st.stm32cube.ide.mcu.externaltools.gnu-tools-for-stm32.7-2018-q2-update.win32_1.0.0.201904181610/tools/bin/../lib/gcc/arm-none-eabi/7.3.1/../../../../arm-none-eabi/lib/thumb/v7-m\libc_nano.a(lib_a-init.o)
                              c:/st/stm32cubeide_1.0.1/stm32cubeide/plugins/com.st.stm32cube.ide.mcu.externaltools.gnu-tools-for-stm32.7-2018-q2-update.win32_1.0.0.201904181610/tools/bin/../lib/gcc/arm-none-eabi/7.3.1/../../../../arm-none-eabi/lib/thumb/v7-m/crt0.o (__libc_init_array)
c:/st/stm32cubeide_1.0.1/stm32cubeide/plugins/com.st.stm32cube.ide.mcu.externaltools.gnu-tools-for-stm32.7-2018-q2-update.win32_1.0.0.201904181610/tools/bin/../lib/gcc/arm-none-eabi/7.3.1/../../../../arm-none-eabi/lib/thumb/v7-m\libc_nano.a(lib_a-memset.o)
                              c:/st/stm32cubeide_1.0.1/stm32cubeide/plugins/com.st.stm32cube.ide.mcu.externaltools.gnu-tools-for-stm32.7-2018-q2-update.win32_1.0.0.201904181610/tools/bin/../lib/gcc/arm-none-eabi/7.3.1/../../../../arm-none-eabi/lib/thumb/v7-m/crt0.o (memset)
c:/st/stm32cubeide_1.0.1/stm32cubeide/plugins/com.st.stm32cube.ide.mcu.externaltools.gnu-tools-for-stm32.7-2018-q2-update.win32_1.0.0.201904181610/tools/bin/../lib/gcc/arm-none-eabi/7.3.1/thumb/v7-m\libgcc.a(_arm_addsubdf3.o)
                              Src/PID.o (__aeabi_f2d)
c:/st/stm32cubeide_1.0.1/stm32cubeide/plugins/com.st.stm32cube.ide.mcu.externaltools.gnu-tools-for-stm32.7-2018-q2-update.win32_1.0.0.201904181610/tools/bin/../lib/gcc/arm-none-eabi/7.3.1/thumb/v7-m\libgcc.a(_arm_muldivdf3.o)
                              Src/PID.o (__aeabi_dmul)
c:/st/stm32cubeide_1.0.1/stm32cubeide/plugins/com.st.stm32cube.ide.mcu.externaltools.gnu-tools-for-stm32.7-2018-q2-update.win32_1.0.0.201904181610/tools/bin/../lib/gcc/arm-none-eabi/7.3.1/thumb/v7-m\libgcc.a(_arm_truncdfsf2.o)
                              Src/PID.o (__aeabi_d2f)
c:/st/stm32cubeide_1.0.1/stm32cubeide/plugins/com.st.stm32cube.ide.mcu.externaltools.gnu-tools-for-stm32.7-2018-q2-update.win32_1.0.0.201904181610/tools/bin/../lib/gcc/arm-none-eabi/7.3.1/thumb/v7-m\libgcc.a(_arm_addsubsf3.o)
                              Src/PID.o (__aeabi_fsub)
c:/st/stm32cubeide_1.0.1/stm32cubeide/plugins/com.st.stm32cube.ide.mcu.externaltools.gnu-tools-for-stm32.7-2018-q2-update.win32_1.0.0.201904181610/tools/bin/../lib/gcc/arm-none-eabi/7.3.1/thumb/v7-m\libgcc.a(_arm_muldivsf3.o)
                              Src/PID.o (__aeabi_fmul)
c:/st/stm32cubeide_1.0.1/stm32cubeide/plugins/com.st.stm32cube.ide.mcu.externaltools.gnu-tools-for-stm32.7-2018-q2-update.win32_1.0.0.201904181610/tools/bin/../lib/gcc/arm-none-eabi/7.3.1/thumb/v7-m\libgcc.a(_arm_cmpsf2.o)
                              Src/main.o (__aeabi_fcmpeq)
c:/st/stm32cubeide_1.0.1/stm32cubeide/plugins/com.st.stm32cube.ide.mcu.externaltools.gnu-tools-for-stm32.7-2018-q2-update.win32_1.0.0.201904181610/tools/bin/../lib/gcc/arm-none-eabi/7.3.1/thumb/v7-m\libgcc.a(_arm_fixunssfsi.o)
                              Src/main.o (__aeabi_f2uiz)

Allocating common symbols
Common symbol       size              file

result_PWM          0x4               Src/main.o
htim4               0x40              Src/main.o
uwTick              0x4               Drivers/STM32F1xx_HAL_Driver/Src/stm32f1xx_hal.o
pFlash              0x20              Drivers/STM32F1xx_HAL_Driver/Src/stm32f1xx_hal_flash.o
S                   0x4               Src/main.o
htim3               0x40              Src/main.o
[...]
Memory Configuration

Name             Origin             Length             Attributes
RAM              0x0000000020000000 0x0000000000005000 xrw
FLASH            0x0000000008000000 0x0000000000010000 xr
*default*        0x0000000000000000 0xffffffffffffffff

Linker script and memory map

LOAD c:/st/stm32cubeide_1.0.1/stm32cubeide/plugins/com.st.stm32cube.ide.mcu.externaltools.gnu-tools-for-stm32.7-2018-q2-update.win32_1.0.0.201904181610/tools/bin/../lib/gcc/arm-none-eabi/7.3.1/thumb/v7-m/crti.o
LOAD c:/st/stm32cubeide_1.0.1/stm32cubeide/plugins/com.st.stm32cube.ide.mcu.externaltools.gnu-tools-for-stm32.7-2018-q2-update.win32_1.0.0.201904181610/tools/bin/../lib/gcc/arm-none-eabi/7.3.1/thumb/v7-m/crtbegin.o
LOAD c:/st/stm32cubeide_1.0.1/stm32cubeide/plugins/com.st.stm32cube.ide.mcu.externaltools.gnu-tools-for-stm32.7-2018-q2-update.win32_1.0.0.201904181610/tools/bin/../lib/gcc/arm-none-eabi/7.3.1/../../../../arm-none-eabi/lib/thumb/v7-m/crt0.o
LOAD Drivers/STM32F1xx_HAL_Driver/Src/stm32f1xx_hal.o
LOAD Drivers/STM32F1xx_HAL_Driver/Src/stm32f1xx_hal_cortex.o
LOAD Drivers/STM32F1xx_HAL_Driver/Src/stm32f1xx_hal_dma.o
LOAD Drivers/STM32F1xx_HAL_Driver/Src/stm32f1xx_hal_exti.o
LOAD Drivers/STM32F1xx_HAL_Driver/Src/stm32f1xx_hal_flash.o
LOAD Drivers/STM32F1xx_HAL_Driver/Src/stm32f1xx_hal_flash_ex.o
LOAD Drivers/STM32F1xx_HAL_Driver/Src/stm32f1xx_hal_gpio.o
LOAD Drivers/STM32F1xx_HAL_Driver/Src/stm32f1xx_hal_gpio_ex.o
LOAD Drivers/STM32F1xx_HAL_Driver/Src/stm32f1xx_hal_pwr.o
LOAD Drivers/STM32F1xx_HAL_Driver/Src/stm32f1xx_hal_rcc.o
LOAD Drivers/STM32F1xx_HAL_Driver/Src/stm32f1xx_hal_rcc_ex.o
LOAD Drivers/STM32F1xx_HAL_Driver/Src/stm32f1xx_hal_tim.o
LOAD Drivers/STM32F1xx_HAL_Driver/Src/stm32f1xx_hal_tim_ex.o
LOAD Drivers/STM32F1xx_HAL_Driver/Src/stm32f1xx_hal_uart.o
LOAD Src/PID.o
LOAD Src/control.o
LOAD Src/main.o
LOAD Src/stm32f1xx_hal_msp.o
LOAD Src/stm32f1xx_it.o
LOAD Src/syscalls.o
LOAD Src/system_stm32f1xx.o
LOAD startup/startup_stm32f103xb.o
START GROUP
LOAD c:/st/stm32cubeide_1.0.1/stm32cubeide/plugins/com.st.stm32cube.ide.mcu.externaltools.gnu-tools-for-stm32.7-2018-q2-update.win32_1.0.0.201904181610/tools/bin/../lib/gcc/arm-none-eabi/7.3.1/../../../../arm-none-eabi/lib/thumb/v7-m\libc_nano.a
LOAD c:/st/stm32cubeide_1.0.1/stm32cubeide/plugins/com.st.stm32cube.ide.mcu.externaltools.gnu-tools-for-stm32.7-2018-q2-update.win32_1.0.0.201904181610/tools/bin/../lib/gcc/arm-none-eabi/7.3.1/../../../../arm-none-eabi/lib/thumb/v7-m\libm.a
END GROUP
START GROUP
LOAD c:/st/stm32cubeide_1.0.1/stm32cubeide/plugins/com.st.stm32cube.ide.mcu.externaltools.gnu-tools-for-stm32.7-2018-q2-update.win32_1.0.0.201904181610/tools/bin/../lib/gcc/arm-none-eabi/7.3.1/thumb/v7-m\libgcc.a
LOAD c:/st/stm32cubeide_1.0.1/stm32cubeide/plugins/com.st.stm32cube.ide.mcu.externaltools.gnu-tools-for-stm32.7-2018-q2-update.win32_1.0.0.201904181610/tools/bin/../lib/gcc/arm-none-eabi/7.3.1/../../../../arm-none-eabi/lib/thumb/v7-m\libc_nano.a
END GROUP
START GROUP
LOAD c:/st/stm32cubeide_1.0.1/stm32cubeide/plugins/com.st.stm32cube.ide.mcu.externaltools.gnu-tools-for-stm32.7-2018-q2-update.win32_1.0.0.201904181610/tools/bin/../lib/gcc/arm-none-eabi/7.3.1/thumb/v7-m\libgcc.a
LOAD c:/st/stm32cubeide_1.0.1/stm32cubeide/plugins/com.st.stm32cube.ide.mcu.externaltools.gnu-tools-for-stm32.7-2018-q2-update.win32_1.0.0.201904181610/tools/bin/../lib/gcc/arm-none-eabi/7.3.1/../../../../arm-none-eabi/lib/thumb/v7-m\libc_nano.a
LOAD c:/st/stm32cubeide_1.0.1/stm32cubeide/plugins/com.st.stm32cube.ide.mcu.externaltools.gnu-tools-for-stm32.7-2018-q2-update.win32_1.0.0.201904181610/tools/bin/../lib/gcc/arm-none-eabi/7.3.1/../../../../arm-none-eabi/lib/thumb/v7-m\libnosys.a
END GROUP
START GROUP
LOAD c:/st/stm32cubeide_1.0.1/stm32cubeide/plugins/com.st.stm32cube.ide.mcu.externaltools.gnu-tools-for-stm32.7-2018-q2-update.win32_1.0.0.201904181610/tools/bin/../lib/gcc/arm-none-eabi/7.3.1/thumb/v7-m\libgcc.a
LOAD c:/st/stm32cubeide_1.0.1/stm32cubeide/plugins/com.st.stm32cube.ide.mcu.externaltools.gnu-tools-for-stm32.7-2018-q2-update.win32_1.0.0.201904181610/tools/bin/../lib/gcc/arm-none-eabi/7.3.1/../../../../arm-none-eabi/lib/thumb/v7-m\libc_nano.a
LOAD c:/st/stm32cubeide_1.0.1/stm32cubeide/plugins/com.st.stm32cube.ide.mcu.externaltools.gnu-tools-for-stm32.7-2018-q2-update.win32_1.0.0.201904181610/tools/bin/../lib/gcc/arm-none-eabi/7.3.1/../../../../arm-none-eabi/lib/thumb/v7-m\libnosys.a
END GROUP
LOAD c:/st/stm32cubeide_1.0.1/stm32cubeide/plugins/com.st.stm32cube.ide.mcu.externaltools.gnu-tools-for-stm32.7-2018-q2-update.win32_1.0.0.201904181610/tools/bin/../lib/gcc/arm-none-eabi/7.3.1/thumb/v7-m/crtend.o
LOAD c:/st/stm32cubeide_1.0.1/stm32cubeide/plugins/com.st.stm32cube.ide.mcu.externaltools.gnu-tools-for-stm32.7-2018-q2-update.win32_1.0.0.201904181610/tools/bin/../lib/gcc/arm-none-eabi/7.3.1/thumb/v7-m/crtn.o
                0x0000000020005000                _estack = 0x20005000
                0x0000000000000200                _Min_Heap_Size = 0x200
                0x0000000000000400                _Min_Stack_Size = 0x400

.isr_vector     0x0000000008000000      0x10c
                0x0000000008000000                . = ALIGN (0x4)
 *(.isr_vector)
 .isr_vector    0x0000000008000000      0x10c startup/startup_stm32f103xb.o
                0x0000000008000000                g_pfnVectors
                0x000000000800010c                . = ALIGN (0x4)

.text           0x000000000800010c     0x314c
                0x000000000800010c                . = ALIGN (0x4)
 *(.text)
 .text          0x000000000800010c       0x40 c:/st/stm32cubeide_1.0.1/stm32cubeide/plugins/com.st.stm32cube.ide.mcu.externaltools.gnu-tools-for-stm32.7-2018-q2-update.win32_1.0.0.201904181610/tools/bin/../lib/gcc/arm-none-eabi/7.3.1/thumb/v7-m/crtbegin.o
 .text          0x000000000800014c      0x378 c:/st/stm32cubeide_1.0.1/stm32cubeide/plugins/com.st.stm32cube.ide.mcu.externaltools.gnu-tools-for-stm32.7-2018-q2-update.win32_1.0.0.201904181610/tools/bin/../lib/gcc/arm-none-eabi/7.3.1/thumb/v7-m\libgcc.a(_arm_addsubdf3.o)
                0x000000000800014c                __aeabi_drsub
                0x0000000008000154                __aeabi_dsub
                0x0000000008000154                __subdf3
                0x0000000008000158                __aeabi_dadd
                0x0000000008000158                __adddf3
                0x00000000080003d0                __floatunsidf
                0x00000000080003d0                __aeabi_ui2d
                0x00000000080003f0                __floatsidf
                0x00000000080003f0                __aeabi_i2d
                0x0000000008000414                __aeabi_f2d
                0x0000000008000414                __extendsfdf2
                0x0000000008000458                __floatundidf
                0x0000000008000458                __aeabi_ul2d
                0x0000000008000468                __floatdidf
                0x0000000008000468                __aeabi_l2d
 .text          0x00000000080004c4      0x424 c:/st/stm32cubeide_1.0.1/stm32cubeide/plugins/com.st.stm32cube.ide.mcu.externaltools.gnu-tools-for-stm32.7-2018-q2-update.win32_1.0.0.201904181610/tools/bin/../lib/gcc/arm-none-eabi/7.3.1/thumb/v7-m\libgcc.a(_arm_muldivdf3.o)
                0x00000000080004c4                __aeabi_dmul
                0x00000000080004c4                __muldf3
                0x0000000008000718                __divdf3
                0x0000000008000718                __aeabi_ddiv
 .text          0x00000000080008e8       0xa0 c:/st/stm32cubeide_1.0.1/stm32cubeide/plugins/com.st.stm32cube.ide.mcu.externaltools.gnu-tools-for-stm32.7-2018-q2-update.win32_1.0.0.201904181610/tools/bin/../lib/gcc/arm-none-eabi/7.3.1/thumb/v7-m\libgcc.a(_arm_truncdfsf2.o)
                0x00000000080008e8                __truncdfsf2
                0x00000000080008e8                __aeabi_d2f
 .text          0x0000000008000988      0x21c c:/st/stm32cubeide_1.0.1/stm32cubeide/plugins/com.st.stm32cube.ide.mcu.externaltools.gnu-tools-for-stm32.7-2018-q2-update.win32_1.0.0.201904181610/tools/bin/../lib/gcc/arm-none-eabi/7.3.1/thumb/v7-m\libgcc.a(_arm_addsubsf3.o)
                0x0000000008000988                __aeabi_frsub
                0x0000000008000990                __subsf3
                0x0000000008000990                __aeabi_fsub
                0x0000000008000994                __aeabi_fadd
                0x0000000008000994                __addsf3
                0x0000000008000af4                __aeabi_ui2f
                0x0000000008000af4                __floatunsisf
                0x0000000008000afc                __aeabi_i2f
                0x0000000008000afc                __floatsisf
                0x0000000008000b18                __aeabi_ul2f
                0x0000000008000b18                __floatundisf
                0x0000000008000b28                __aeabi_l2f
                0x0000000008000b28                __floatdisf
 .text          0x0000000008000ba4      0x2a0 c:/st/stm32cubeide_1.0.1/stm32cubeide/plugins/com.st.stm32cube.ide.mcu.externaltools.gnu-tools-for-stm32.7-2018-q2-update.win32_1.0.0.201904181610/tools/bin/../lib/gcc/arm-none-eabi/7.3.1/thumb/v7-m\libgcc.a(_arm_muldivsf3.o)
                0x0000000008000ba4                __mulsf3
                0x0000000008000ba4                __aeabi_fmul
                0x0000000008000d0c                __aeabi_fdiv
                0x0000000008000d0c                __divsf3
 .text          0x0000000008000e44       0xec c:/st/stm32cubeide_1.0.1/stm32cubeide/plugins/com.st.stm32cube.ide.mcu.externaltools.gnu-tools-for-stm32.7-2018-q2-update.win32_1.0.0.201904181610/tools/bin/../lib/gcc/arm-none-eabi/7.3.1/thumb/v7-m\libgcc.a(_arm_cmpsf2.o)
                0x0000000008000e44                __gesf2
                0x0000000008000e44                __gtsf2
                0x0000000008000e4c                __lesf2
                0x0000000008000e4c                __ltsf2
                0x0000000008000e54                __nesf2
                0x0000000008000e54                __eqsf2
                0x0000000008000e54                __cmpsf2
                0x0000000008000eb4                __aeabi_cfrcmple
                0x0000000008000ebc                __aeabi_cfcmpeq
                0x0000000008000ebc                __aeabi_cfcmple
                0x0000000008000ecc                __aeabi_fcmpeq
                0x0000000008000ee0                __aeabi_fcmplt
                0x0000000008000ef4                __aeabi_fcmple
                0x0000000008000f08                __aeabi_fcmpge
                0x0000000008000f1c                __aeabi_fcmpgt
 .text          0x0000000008000f30       0x40 c:/st/stm32cubeide_1.0.1/stm32cubeide/plugins/com.st.stm32cube.ide.mcu.externaltools.gnu-tools-for-stm32.7-2018-q2-update.win32_1.0.0.201904181610/tools/bin/../lib/gcc/arm-none-eabi/7.3.1/thumb/v7-m\libgcc.a(_arm_fixunssfsi.o)
                0x0000000008000f30                __fixunssfsi
                0x0000000008000f30                __aeabi_f2uiz
 *(.text*)
 .text.HAL_InitTick
                0x0000000008000f70       0x48 Drivers/STM32F1xx_HAL_Driver/Src/stm32f1xx_hal.o
                0x0000000008000f70                HAL_InitTick
 .text.HAL_Init
                0x0000000008000fb8       0x24 Drivers/STM32F1xx_HAL_Driver/Src/stm32f1xx_hal.o
                0x0000000008000fb8                HAL_Init
 .text.HAL_IncTick
                0x0000000008000fdc       0x18 Drivers/STM32F1xx_HAL_Driver/Src/stm32f1xx_hal.o
                0x0000000008000fdc                HAL_IncTick
 .text.HAL_GetTick
                0x0000000008000ff4        0xc Drivers/STM32F1xx_HAL_Driver/Src/stm32f1xx_hal.o
                0x0000000008000ff4                HAL_GetTick
 .text.HAL_NVIC_SetPriorityGrouping
                0x0000000008001000       0x24 Drivers/STM32F1xx_HAL_Driver/Src/stm32f1xx_hal_cortex.o
                0x0000000008001000                HAL_NVIC_SetPriorityGrouping
 .text.HAL_NVIC_SetPriority
                0x0000000008001024       0x68 Drivers/STM32F1xx_HAL_Driver/Src/stm32f1xx_hal_cortex.o
                0x0000000008001024                HAL_NVIC_SetPriority
 .text.HAL_NVIC_EnableIRQ
                0x000000000800108c       0x1c Drivers/STM32F1xx_HAL_Driver/Src/stm32f1xx_hal_cortex.o
                0x000000000800108c                HAL_NVIC_EnableIRQ
 .text.HAL_SYSTICK_Config
                0x00000000080010a8       0x2c Drivers/STM32F1xx_HAL_Driver/Src/stm32f1xx_hal_cortex.o
                0x00000000080010a8                HAL_SYSTICK_Config
 .text.DMA_SetConfig
                0x00000000080010d4       0x2c Drivers/STM32F1xx_HAL_Driver/Src/stm32f1xx_hal_dma.o
 .text.HAL_DMA_Init
                0x0000000008001100       0x6c Drivers/STM32F1xx_HAL_Driver/Src/stm32f1xx_hal_dma.o
                0x0000000008001100                HAL_DMA_Init
 .text.HAL_DMA_Start_IT
                0x000000000800116c       0x74 Drivers/STM32F1xx_HAL_Driver/Src/stm32f1xx_hal_dma.o
                0x000000000800116c                HAL_DMA_Start_IT
 .text.HAL_DMA_Abort_IT
                0x00000000080011e0       0x98 Drivers/STM32F1xx_HAL_Driver/Src/stm32f1xx_hal_dma.o
                0x00000000080011e0                HAL_DMA_Abort_IT
 .text.HAL_DMA_IRQHandler
                0x0000000008001278      0x144 Drivers/STM32F1xx_HAL_Driver/Src/stm32f1xx_hal_dma.o
                0x0000000008001278                HAL_DMA_IRQHandler
 .text.HAL_GPIO_Init
                0x00000000080013bc      0x1d8 Drivers/STM32F1xx_HAL_Driver/Src/stm32f1xx_hal_gpio.o
                0x00000000080013bc                HAL_GPIO_Init
 .text.HAL_GPIO_ReadPin
                0x0000000008001594        0xe Drivers/STM32F1xx_HAL_Driver/Src/stm32f1xx_hal_gpio.o
                0x0000000008001594                HAL_GPIO_ReadPin
 .text.HAL_GPIO_WritePin
                0x00000000080015a2        0xc Drivers/STM32F1xx_HAL_Driver/Src/stm32f1xx_hal_gpio.o
                0x00000000080015a2                HAL_GPIO_WritePin
 *fill*         0x00000000080015ae        0x2 
 .text.RCC_Delay
                0x00000000080015b0       0x2c Drivers/STM32F1xx_HAL_Driver/Src/stm32f1xx_hal_rcc.o
 .text.HAL_RCC_OscConfig
                0x00000000080015dc      0x410 Drivers/STM32F1xx_HAL_Driver/Src/stm32f1xx_hal_rcc.o
                0x00000000080015dc                HAL_RCC_OscConfig
 .text.HAL_RCC_GetSysClockFreq
                0x00000000080019ec       0x70 Drivers/STM32F1xx_HAL_Driver/Src/stm32f1xx_hal_rcc.o
                0x00000000080019ec                HAL_RCC_GetSysClockFreq
 .text.HAL_RCC_ClockConfig
                0x0000000008001a5c      0x168 Drivers/STM32F1xx_HAL_Driver/Src/stm32f1xx_hal_rcc.o
                0x0000000008001a5c                HAL_RCC_ClockConfig
 .text.HAL_RCC_GetHCLKFreq
                0x0000000008001bc4        0xc Drivers/STM32F1xx_HAL_Driver/Src/stm32f1xx_hal_rcc.o
                0x0000000008001bc4                HAL_RCC_GetHCLKFreq
 .text.HAL_RCC_GetPCLK1Freq
                0x0000000008001bd0       0x20 Drivers/STM32F1xx_HAL_Driver/Src/stm32f1xx_hal_rcc.o
                0x0000000008001bd0                HAL_RCC_GetPCLK1Freq
 .text.HAL_RCC_GetPCLK2Freq
                0x0000000008001bf0       0x20 Drivers/STM32F1xx_HAL_Driver/Src/stm32f1xx_hal_rcc.o
                0x0000000008001bf0                HAL_RCC_GetPCLK2Freq
 .text.TIM_OC1_SetConfig
                0x0000000008001c10       0x5c Drivers/STM32F1xx_HAL_Driver/Src/stm32f1xx_hal_tim.o
 .text.TIM_OC3_SetConfig
                0x0000000008001c6c       0x64 Drivers/STM32F1xx_HAL_Driver/Src/stm32f1xx_hal_tim.o
 .text.TIM_OC4_SetConfig
                0x0000000008001cd0       0x48 Drivers/STM32F1xx_HAL_Driver/Src/stm32f1xx_hal_tim.o
 .text.TIM_TI1_ConfigInputStage
                0x0000000008001d18       0x24 Drivers/STM32F1xx_HAL_Driver/Src/stm32f1xx_hal_tim.o
 .text.TIM_TI2_ConfigInputStage
                0x0000000008001d3c       0x26 Drivers/STM32F1xx_HAL_Driver/Src/stm32f1xx_hal_tim.o
 .text.TIM_ITRx_SetConfig
                0x0000000008001d62       0x10 Drivers/STM32F1xx_HAL_Driver/Src/stm32f1xx_hal_tim.o
 .text.HAL_TIM_Base_Start_IT
                0x0000000008001d72       0x22 Drivers/STM32F1xx_HAL_Driver/Src/stm32f1xx_hal_tim.o
                0x0000000008001d72                HAL_TIM_Base_Start_IT
 .text.HAL_TIM_PWM_MspInit
                0x0000000008001d94        0x2 Drivers/STM32F1xx_HAL_Driver/Src/stm32f1xx_hal_tim.o
                0x0000000008001d94                HAL_TIM_PWM_MspInit
 .text.HAL_TIM_OC_DelayElapsedCallback
                0x0000000008001d96        0x2 Drivers/STM32F1xx_HAL_Driver/Src/stm32f1xx_hal_tim.o
                0x0000000008001d96                HAL_TIM_OC_DelayElapsedCallback
 .text.HAL_TIM_IC_CaptureCallback
                0x0000000008001d98        0x2 Drivers/STM32F1xx_HAL_Driver/Src/stm32f1xx_hal_tim.o
                0x0000000008001d98                HAL_TIM_IC_CaptureCallback
 .text.HAL_TIM_PWM_PulseFinishedCallback
                0x0000000008001d9a        0x2 Drivers/STM32F1xx_HAL_Driver/Src/stm32f1xx_hal_tim.o
                0x0000000008001d9a                HAL_TIM_PWM_PulseFinishedCallback
 .text.HAL_TIM_TriggerCallback
                0x0000000008001d9c        0x2 Drivers/STM32F1xx_HAL_Driver/Src/stm32f1xx_hal_tim.o
                0x0000000008001d9c                HAL_TIM_TriggerCallback
 .text.HAL_TIM_IRQHandler
                0x0000000008001d9e      0x17a Drivers/STM32F1xx_HAL_Driver/Src/stm32f1xx_hal_tim.o
                0x0000000008001d9e                HAL_TIM_IRQHandler
 .text.TIM_Base_SetConfig
                0x0000000008001f18       0x74 Drivers/STM32F1xx_HAL_Driver/Src/stm32f1xx_hal_tim.o
                0x0000000008001f18                TIM_Base_SetConfig
 .text.HAL_TIM_Base_Init
                0x0000000008001f8c       0x32 Drivers/STM32F1xx_HAL_Driver/Src/stm32f1xx_hal_tim.o
                0x0000000008001f8c                HAL_TIM_Base_Init
 .text.HAL_TIM_PWM_Init
                0x0000000008001fbe       0x32 Drivers/STM32F1xx_HAL_Driver/Src/stm32f1xx_hal_tim.o
                0x0000000008001fbe                HAL_TIM_PWM_Init
 .text.TIM_OC2_SetConfig
                0x0000000008001ff0       0x64 Drivers/STM32F1xx_HAL_Driver/Src/stm32f1xx_hal_tim.o
                0x0000000008001ff0                TIM_OC2_SetConfig
 .text.HAL_TIM_PWM_ConfigChannel
                0x0000000008002054       0xdc Drivers/STM32F1xx_HAL_Driver/Src/stm32f1xx_hal_tim.o
                0x0000000008002054                HAL_TIM_PWM_ConfigChannel
 .text.TIM_ETR_SetConfig
                0x0000000008002130       0x16 Drivers/STM32F1xx_HAL_Driver/Src/stm32f1xx_hal_tim.o
                0x0000000008002130                TIM_ETR_SetConfig
 .text.HAL_TIM_ConfigClockSource
                0x0000000008002146       0xda Drivers/STM32F1xx_HAL_Driver/Src/stm32f1xx_hal_tim.o
                0x0000000008002146                HAL_TIM_ConfigClockSource
 .text.TIM_CCxChannelCmd
                0x0000000008002220       0x20 Drivers/STM32F1xx_HAL_Driver/Src/stm32f1xx_hal_tim.o
                0x0000000008002220                TIM_CCxChannelCmd
 .text.HAL_TIM_PWM_Start
                0x0000000008002240       0x3c Drivers/STM32F1xx_HAL_Driver/Src/stm32f1xx_hal_tim.o
                0x0000000008002240                HAL_TIM_PWM_Start
 .text.HAL_TIMEx_MasterConfigSynchronization
                0x000000000800227c       0x46 Drivers/STM32F1xx_HAL_Driver/Src/stm32f1xx_hal_tim_ex.o
                0x000000000800227c                HAL_TIMEx_MasterConfigSynchronization
 .text.HAL_TIMEx_CommutCallback
                0x00000000080022c2        0x2 Drivers/STM32F1xx_HAL_Driver/Src/stm32f1xx_hal_tim_ex.o
                0x00000000080022c2                HAL_TIMEx_CommutCallback
 .text.HAL_TIMEx_BreakCallback
                0x00000000080022c4        0x2 Drivers/STM32F1xx_HAL_Driver/Src/stm32f1xx_hal_tim_ex.o
                0x00000000080022c4                HAL_TIMEx_BreakCallback
 .text.UART_EndTxTransfer
                0x00000000080022c6       0x12 Drivers/STM32F1xx_HAL_Driver/Src/stm32f1xx_hal_uart.o
 .text.UART_EndRxTransfer
                0x00000000080022d8       0x1c Drivers/STM32F1xx_HAL_Driver/Src/stm32f1xx_hal_uart.o
 .text.UART_Transmit_IT
                0x00000000080022f4       0x68 Drivers/STM32F1xx_HAL_Driver/Src/stm32f1xx_hal_uart.o
 .text.UART_SetConfig
                0x000000000800235c       0xcc Drivers/STM32F1xx_HAL_Driver/Src/stm32f1xx_hal_uart.o
 .text.HAL_UART_Init
                0x0000000008002428       0x5e Drivers/STM32F1xx_HAL_Driver/Src/stm32f1xx_hal_uart.o
                0x0000000008002428                HAL_UART_Init
 *fill*         0x0000000008002486        0x2 
 .text.HAL_UART_Receive_DMA
                0x0000000008002488       0xa8 Drivers/STM32F1xx_HAL_Driver/Src/stm32f1xx_hal_uart.o
                0x0000000008002488                HAL_UART_Receive_DMA
 .text.HAL_UART_TxCpltCallback
                0x0000000008002530        0x2 Drivers/STM32F1xx_HAL_Driver/Src/stm32f1xx_hal_uart.o
                0x0000000008002530                HAL_UART_TxCpltCallback
 .text.UART_EndTransmit_IT
                0x0000000008002532       0x1a Drivers/STM32F1xx_HAL_Driver/Src/stm32f1xx_hal_uart.o
 .text.UART_DMAReceiveCplt
                0x000000000800254c       0x3e Drivers/STM32F1xx_HAL_Driver/Src/stm32f1xx_hal_uart.o
 .text.UART_Receive_IT
                0x000000000800258a       0x9c Drivers/STM32F1xx_HAL_Driver/Src/stm32f1xx_hal_uart.o
 .text.HAL_UART_RxHalfCpltCallback
                0x0000000008002626        0x2 Drivers/STM32F1xx_HAL_Driver/Src/stm32f1xx_hal_uart.o
                0x0000000008002626                HAL_UART_RxHalfCpltCallback
 .text.UART_DMARxHalfCplt
                0x0000000008002628        0xa Drivers/STM32F1xx_HAL_Driver/Src/stm32f1xx_hal_uart.o
 .text.HAL_UART_ErrorCallback
                0x0000000008002632        0x2 Drivers/STM32F1xx_HAL_Driver/Src/stm32f1xx_hal_uart.o
                0x0000000008002632                HAL_UART_ErrorCallback
 .text.UART_DMAError
                0x0000000008002634       0x58 Drivers/STM32F1xx_HAL_Driver/Src/stm32f1xx_hal_uart.o
 .text.HAL_UART_IRQHandler
                0x000000000800268c      0x120 Drivers/STM32F1xx_HAL_Driver/Src/stm32f1xx_hal_uart.o
                0x000000000800268c                HAL_UART_IRQHandler
 .text.UART_DMAAbortOnError
                0x00000000080027ac       0x10 Drivers/STM32F1xx_HAL_Driver/Src/stm32f1xx_hal_uart.o
 .text.PID_PROCESS
                0x00000000080027bc       0xf0 Src/PID.o
                0x00000000080027bc                PID_PROCESS
 .text.forward  0x00000000080028ac       0x38 Src/control.o
                0x00000000080028ac                forward
 .text.backward
                0x00000000080028e4       0x38 Src/control.o
                0x00000000080028e4                backward
 .text.MX_GPIO_Init
                0x000000000800291c       0xa0 Src/main.o
 .text.MX_TIM3_Init
                0x00000000080029bc       0x54 Src/main.o
 .text.MX_TIM4_Init
                0x0000000008002a10       0x8c Src/main.o
 .text.MX_DMA_Init
                0x0000000008002a9c       0x44 Src/main.o
 .text.MX_USART1_UART_Init
                0x0000000008002ae0       0x2c Src/main.o
 .text.HAL_UART_RxCpltCallback
                0x0000000008002b0c       0xc8 Src/main.o
                0x0000000008002b0c                HAL_UART_RxCpltCallback
 .text.control  0x0000000008002bd4       0x70 Src/main.o
                0x0000000008002bd4                control
 .text.HAL_TIM_PeriodElapsedCallback
                0x0000000008002c44      0x234 Src/main.o
                0x0000000008002c44                HAL_TIM_PeriodElapsedCallback
 .text.SystemClock_Config
                0x0000000008002e78       0x52 Src/main.o
                0x0000000008002e78                SystemClock_Config
 *fill*         0x0000000008002eca        0x2 
 .text.main     0x0000000008002ecc       0x54 Src/main.o
                0x0000000008002ecc                main
 .text.Error_Handler
                0x0000000008002f20        0x2 Src/main.o
                0x0000000008002f20                Error_Handler
 *fill*         0x0000000008002f22        0x2 
 .text.HAL_MspInit
                0x0000000008002f24       0x44 Src/stm32f1xx_hal_msp.o
                0x0000000008002f24                HAL_MspInit
 .text.HAL_TIM_Base_MspInit
                0x0000000008002f68       0x60 Src/stm32f1xx_hal_msp.o
                0x0000000008002f68                HAL_TIM_Base_MspInit
 .text.HAL_TIM_MspPostInit
                0x0000000008002fc8       0x50 Src/stm32f1xx_hal_msp.o
                0x0000000008002fc8                HAL_TIM_MspPostInit
 .text.HAL_UART_MspInit
                0x0000000008003018       0xf0 Src/stm32f1xx_hal_msp.o
                0x0000000008003018                HAL_UART_MspInit
 .text.NMI_Handler
                0x0000000008003108        0x2 Src/stm32f1xx_it.o
                0x0000000008003108                NMI_Handler
 .text.HardFault_Handler
                0x000000000800310a        0x2 Src/stm32f1xx_it.o
                0x000000000800310a                HardFault_Handler
 .text.MemManage_Handler
                0x000000000800310c        0x2 Src/stm32f1xx_it.o
                0x000000000800310c                MemManage_Handler
 .text.BusFault_Handler
                0x000000000800310e        0x2 Src/stm32f1xx_it.o
                0x000000000800310e                BusFault_Handler
 .text.UsageFault_Handler
                0x0000000008003110        0x2 Src/stm32f1xx_it.o
                0x0000000008003110                UsageFault_Handler
 .text.SVC_Handler
                0x0000000008003112        0x2 Src/stm32f1xx_it.o
                0x0000000008003112                SVC_Handler
 .text.DebugMon_Handler
                0x0000000008003114        0x2 Src/stm32f1xx_it.o
                0x0000000008003114                DebugMon_Handler
 .text.PendSV_Handler
                0x0000000008003116        0x2 Src/stm32f1xx_it.o
                0x0000000008003116                PendSV_Handler
 .text.SysTick_Handler
                0x0000000008003118        0x8 Src/stm32f1xx_it.o
                0x0000000008003118                SysTick_Handler
 .text.DMA1_Channel4_IRQHandler
                0x0000000008003120       0x10 Src/stm32f1xx_it.o
                0x0000000008003120                DMA1_Channel4_IRQHandler
 .text.DMA1_Channel5_IRQHandler
                0x0000000008003130       0x10 Src/stm32f1xx_it.o
                0x0000000008003130                DMA1_Channel5_IRQHandler
 .text.TIM3_IRQHandler
                0x0000000008003140       0x10 Src/stm32f1xx_it.o
                0x0000000008003140                TIM3_IRQHandler
 .text.USART1_IRQHandler
                0x0000000008003150       0x10 Src/stm32f1xx_it.o
                0x0000000008003150                USART1_IRQHandler
 .text.SystemInit
                0x0000000008003160       0x4c Src/system_stm32f1xx.o
                0x0000000008003160                SystemInit
 .text.Reset_Handler
                0x00000000080031ac       0x48 startup/startup_stm32f103xb.o
                0x00000000080031ac                Reset_Handler
 .text.Default_Handler
                0x00000000080031f4        0x2 startup/startup_stm32f103xb.o
                0x00000000080031f4                RTC_Alarm_IRQHandler
                0x00000000080031f4                EXTI2_IRQHandler
                0x00000000080031f4                TIM1_CC_IRQHandler
                0x00000000080031f4                PVD_IRQHandler
                0x00000000080031f4                EXTI3_IRQHandler
                0x00000000080031f4                EXTI0_IRQHandler
                0x00000000080031f4                I2C2_EV_IRQHandler
                0x00000000080031f4                ADC1_2_IRQHandler
                0x00000000080031f4                SPI1_IRQHandler
                0x00000000080031f4                TAMPER_IRQHandler
                0x00000000080031f4                USART3_IRQHandler
                0x00000000080031f4                RTC_IRQHandler
                0x00000000080031f4                DMA1_Channel7_IRQHandler
                0x00000000080031f4                CAN1_RX1_IRQHandler
                0x00000000080031f4                TIM4_IRQHandler
                0x00000000080031f4                I2C1_EV_IRQHandler
                0x00000000080031f4                DMA1_Channel6_IRQHandler
                0x00000000080031f4                RCC_IRQHandler
                0x00000000080031f4                TIM1_TRG_COM_IRQHandler
                0x00000000080031f4                DMA1_Channel1_IRQHandler
                0x00000000080031f4                Default_Handler
                0x00000000080031f4                EXTI15_10_IRQHandler
                0x00000000080031f4                EXTI9_5_IRQHandler
                0x00000000080031f4                SPI2_IRQHandler
                0x00000000080031f4                EXTI4_IRQHandler
                0x00000000080031f4                USB_LP_CAN1_RX0_IRQHandler
                0x00000000080031f4                USB_HP_CAN1_TX_IRQHandler
                0x00000000080031f4                DMA1_Channel3_IRQHandler
                0x00000000080031f4                TIM1_UP_IRQHandler
                0x00000000080031f4                WWDG_IRQHandler
                0x00000000080031f4                TIM2_IRQHandler
                0x00000000080031f4                TIM1_BRK_IRQHandler
                0x00000000080031f4                EXTI1_IRQHandler
                0x00000000080031f4                USART2_IRQHandler
                0x00000000080031f4                I2C2_ER_IRQHandler
                0x00000000080031f4                DMA1_Channel2_IRQHandler
                0x00000000080031f4                CAN1_SCE_IRQHandler
                0x00000000080031f4                FLASH_IRQHandler
                0x00000000080031f4                I2C1_ER_IRQHandler
                0x00000000080031f4                USBWakeUp_IRQHandler
 *fill*         0x00000000080031f6        0x2 
 .text.__libc_init_array
                0x00000000080031f8       0x48 c:/st/stm32cubeide_1.0.1/stm32cubeide/plugins/com.st.stm32cube.ide.mcu.externaltools.gnu-tools-for-stm32.7-2018-q2-update.win32_1.0.0.201904181610/tools/bin/../lib/gcc/arm-none-eabi/7.3.1/../../../../arm-none-eabi/lib/thumb/v7-m\libc_nano.a(lib_a-init.o)
                0x00000000080031f8                __libc_init_array
 *(.glue_7)
 .glue_7        0x0000000008003240        0x0 linker stubs
 *(.glue_7t)
 .glue_7t       0x0000000008003240        0x0 linker stubs
 *(.eh_frame)
 .eh_frame      0x0000000008003240        0x0 c:/st/stm32cubeide_1.0.1/stm32cubeide/plugins/com.st.stm32cube.ide.mcu.externaltools.gnu-tools-for-stm32.7-2018-q2-update.win32_1.0.0.201904181610/tools/bin/../lib/gcc/arm-none-eabi/7.3.1/thumb/v7-m/crtbegin.o
 *(.init)
 .init          0x0000000008003240        0x4 c:/st/stm32cubeide_1.0.1/stm32cubeide/plugins/com.st.stm32cube.ide.mcu.externaltools.gnu-tools-for-stm32.7-2018-q2-update.win32_1.0.0.201904181610/tools/bin/../lib/gcc/arm-none-eabi/7.3.1/thumb/v7-m/crti.o
                0x0000000008003240                _init
 .init          0x0000000008003244        0x8 c:/st/stm32cubeide_1.0.1/stm32cubeide/plugins/com.st.stm32cube.ide.mcu.externaltools.gnu-tools-for-stm32.7-2018-q2-update.win32_1.0.0.201904181610/tools/bin/../lib/gcc/arm-none-eabi/7.3.1/thumb/v7-m/crtn.o
 *(.fini)
 .fini          0x000000000800324c        0x4 c:/st/stm32cubeide_1.0.1/stm32cubeide/plugins/com.st.stm32cube.ide.mcu.externaltools.gnu-tools-for-stm32.7-2018-q2-update.win32_1.0.0.201904181610/tools/bin/../lib/gcc/arm-none-eabi/7.3.1/thumb/v7-m/crti.o
                0x000000000800324c                _fini
 .fini          0x0000000008003250        0x8 c:/st/stm32cubeide_1.0.1/stm32cubeide/plugins/com.st.stm32cube.ide.mcu.externaltools.gnu-tools-for-stm32.7-2018-q2-update.win32_1.0.0.201904181610/tools/bin/../lib/gcc/arm-none-eabi/7.3.1/thumb/v7-m/crtn.o
                0x0000000008003258                . = ALIGN (0x4)
                0x0000000008003258                _etext = .

.vfp11_veneer   0x0000000008003258        0x0
 .vfp11_veneer  0x0000000008003258        0x0 linker stubs

.v4_bx          0x0000000008003258        0x0
 .v4_bx         0x0000000008003258        0x0 linker stubs

.iplt           0x0000000008003258        0x0
 .iplt          0x0000000008003258        0x0 c:/st/stm32cubeide_1.0.1/stm32cubeide/plugins/com.st.stm32cube.ide.mcu.externaltools.gnu-tools-for-stm32.7-2018-q2-update.win32_1.0.0.201904181610/tools/bin/../lib/gcc/arm-none-eabi/7.3.1/thumb/v7-m/crtbegin.o

.rodata         0x0000000008003258       0x2c
                0x0000000008003258                . = ALIGN (0x4)
 *(.rodata)
 .rodata        0x0000000008003258       0x12 Drivers/STM32F1xx_HAL_Driver/Src/stm32f1xx_hal_rcc.o
 *fill*         0x000000000800326a        0x2 
 .rodata        0x000000000800326c       0x18 Src/system_stm32f1xx.o
                0x000000000800326c                AHBPrescTable
                0x000000000800327c                APBPrescTable
 *(.rodata*)
                0x0000000008003284                . = ALIGN (0x4)

.rel.dyn        0x0000000008003284        0x0
 .rel.iplt      0x0000000008003284        0x0 c:/st/stm32cubeide_1.0.1/stm32cubeide/plugins/com.st.stm32cube.ide.mcu.externaltools.gnu-tools-for-stm32.7-2018-q2-update.win32_1.0.0.201904181610/tools/bin/../lib/gcc/arm-none-eabi/7.3.1/thumb/v7-m/crtbegin.o

.ARM.extab
 *(.ARM.extab* .gnu.linkonce.armextab.*)

.ARM            0x0000000008003284        0x0
                0x0000000008003284                __exidx_start = .
 *(.ARM.exidx*)
                0x0000000008003284                __exidx_end = .

.preinit_array  0x0000000008003284        0x0
                0x0000000008003284                PROVIDE (__preinit_array_start = .)
 *(.preinit_array*)
                0x0000000008003284                PROVIDE (__preinit_array_end = .)

.init_array     0x0000000008003284        0x4
                0x0000000008003284                PROVIDE (__init_array_start = .)
 *(SORT_BY_NAME(.init_array.*))
 *(.init_array*)
 .init_array    0x0000000008003284        0x4 c:/st/stm32cubeide_1.0.1/stm32cubeide/plugins/com.st.stm32cube.ide.mcu.externaltools.gnu-tools-for-stm32.7-2018-q2-update.win32_1.0.0.201904181610/tools/bin/../lib/gcc/arm-none-eabi/7.3.1/thumb/v7-m/crtbegin.o
                0x0000000008003288                PROVIDE (__init_array_end = .)

.fini_array     0x0000000008003288        0x4
                [!provide]                        PROVIDE (__fini_array_start = .)
 *(SORT_BY_NAME(.fini_array.*))
 *(.fini_array*)
 .fini_array    0x0000000008003288        0x4 c:/st/stm32cubeide_1.0.1/stm32cubeide/plugins/com.st.stm32cube.ide.mcu.externaltools.gnu-tools-for-stm32.7-2018-q2-update.win32_1.0.0.201904181610/tools/bin/../lib/gcc/arm-none-eabi/7.3.1/thumb/v7-m/crtbegin.o
                [!provide]                        PROVIDE (__fini_array_end = .)
                0x000000000800328c                _sidata = LOADADDR (.data)

.data           0x0000000020000000       0x44 load address 0x000000000800328c
                0x0000000020000000                . = ALIGN (0x4)
                0x0000000020000000                _sdata = .
 *(.data)
 .data          0x0000000020000000        0x8 Drivers/STM32F1xx_HAL_Driver/Src/stm32f1xx_hal.o
                0x0000000020000000                uwTickFreq
                0x0000000020000004                uwTickPrio
 .data          0x0000000020000008       0x37 Src/main.o
                0x0000000020000008                PID_set_parameters
                0x000000002000003c                offset
                0x000000002000003d                pwm2
                0x000000002000003e                pwm1
 *fill*         0x000000002000003f        0x1 
 .data          0x0000000020000040        0x4 Src/system_stm32f1xx.o
                0x0000000020000040                SystemCoreClock
 *(.data*)
                0x0000000020000044                . = ALIGN (0x4)
                0x0000000020000044                _edata = .

.igot.plt       0x0000000020000044        0x0 load address 0x00000000080032d0
 .igot.plt      0x0000000020000044        0x0 c:/st/stm32cubeide_1.0.1/stm32cubeide/plugins/com.st.stm32cube.ide.mcu.externaltools.gnu-tools-for-stm32.7-2018-q2-update.win32_1.0.0.201904181610/tools/bin/../lib/gcc/arm-none-eabi/7.3.1/thumb/v7-m/crtbegin.o
                0x0000000020000044                . = ALIGN (0x4)

.bss            0x0000000020000044      0x1ac load address 0x00000000080032d0
                0x0000000020000044                _sbss = .
                0x0000000020000044                __bss_start__ = _sbss
 *(.bss)
 .bss           0x0000000020000044       0x1c c:/st/stm32cubeide_1.0.1/stm32cubeide/plugins/com.st.stm32cube.ide.mcu.externaltools.gnu-tools-for-stm32.7-2018-q2-update.win32_1.0.0.201904181610/tools/bin/../lib/gcc/arm-none-eabi/7.3.1/thumb/v7-m/crtbegin.o
 .bss           0x0000000020000060       0x2c Src/main.o
                0x0000000020000060                my_state
                0x0000000020000064                i
                0x0000000020000068                mode
                0x000000002000006c                i_SumValuteIndexArry
                0x0000000020000070                i_SumIndexArry
                0x000000002000007c                f_thamchieu
                0x0000000020000080                kq
                0x0000000020000084                k
                0x0000000020000088                kt
 *(.bss*)
 *(COMMON)
 COMMON         0x000000002000008c        0x4 Drivers/STM32F1xx_HAL_Driver/Src/stm32f1xx_hal.o
                0x000000002000008c                uwTick
 COMMON         0x0000000020000090      0x15e Src/main.o
                0x0000000020000090                result_PWM
                0x0000000020000094                htim4
                0x00000000200000d4                S
                0x00000000200000d8                htim3
                0x0000000020000118                hdma_usart1_tx
                0x000000002000015c                hdma_usart1_rx
                0x00000000200001a0                huart1
                0x00000000200001e0                vitri
                0x00000000200001e4                Rx_buff
                0x00000000200001f0                . = ALIGN (0x4)
 *fill*         0x00000000200001ee        0x2 
                0x00000000200001f0                _ebss = .
                0x00000000200001f0                __bss_end__ = _ebss

._user_heap_stack
                0x00000000200001f0      0x600 load address 0x00000000080032d0
                0x00000000200001f0                . = ALIGN (0x8)
                0x00000000200001f0                PROVIDE (end = .)
                [!provide]                        PROVIDE (_end = .)
                0x00000000200003f0                . = (. + _Min_Heap_Size)
 *fill*         0x00000000200001f0      0x200 
                0x00000000200007f0                . = (. + _Min_Stack_Size)
 *fill*         0x00000000200003f0      0x400 
                0x00000000200007f0                . = ALIGN (0x8)

/DISCARD/
 libc.a(*)
 libm.a(*)
 libgcc.a(*)

.ARM.attributes
                0x0000000000000000       0x29
 *(.ARM.attributes)
 .ARM.attributes
                0x0000000000000000       0x1d c:/st/stm32cubeide_1.0.1/stm32cubeide/plugins/com.st.stm32cube.ide.mcu.externaltools.gnu-tools-for-stm32.7-2018-q2-update.win32_1.0.0.201904181610/tools/bin/../lib/gcc/arm-none-eabi/7.3.1/thumb/v7-m/crti.o
 .ARM.attributes
                0x000000000000001d       0x2d c:/st/stm32cubeide_1.0.1/stm32cubeide/plugins/com.st.stm32cube.ide.mcu.externaltools.gnu-tools-for-stm32.7-2018-q2-update.win32_1.0.0.201904181610/tools/bin/../lib/gcc/arm-none-eabi/7.3.1/thumb/v7-m/crtbegin.o
 .ARM.attributes
                0x000000000000004a       0x33 Drivers/STM32F1xx_HAL_Driver/Src/stm32f1xx_hal.o
 .ARM.attributes
                0x000000000000007d       0x33 Drivers/STM32F1xx_HAL_Driver/Src/stm32f1xx_hal_cortex.o
 .ARM.attributes
                0x00000000000000b0       0x33 Drivers/STM32F1xx_HAL_Driver/Src/stm32f1xx_hal_dma.o
 .ARM.attributes
                0x00000000000000e3       0x33 Drivers/STM32F1xx_HAL_Driver/Src/stm32f1xx_hal_gpio.o
 .ARM.attributes
                0x0000000000000116       0x33 Drivers/STM32F1xx_HAL_Driver/Src/stm32f1xx_hal_rcc.o
 .ARM.attributes
                0x0000000000000149       0x33 Drivers/STM32F1xx_HAL_Driver/Src/stm32f1xx_hal_tim.o
 .ARM.attributes
                0x000000000000017c       0x33 Drivers/STM32F1xx_HAL_Driver/Src/stm32f1xx_hal_tim_ex.o
 .ARM.attributes
                0x00000000000001af       0x33 Drivers/STM32F1xx_HAL_Driver/Src/stm32f1xx_hal_uart.o
 .ARM.attributes
                0x00000000000001e2       0x33 Src/PID.o
 .ARM.attributes
                0x0000000000000215       0x33 Src/control.o
 .ARM.attributes
                0x0000000000000248       0x33 Src/main.o
 .ARM.attributes
                0x000000000000027b       0x33 Src/stm32f1xx_hal_msp.o
 .ARM.attributes
                0x00000000000002ae       0x33 Src/stm32f1xx_it.o
 .ARM.attributes
                0x00000000000002e1       0x33 Src/system_stm32f1xx.o
 .ARM.attributes
                0x0000000000000314       0x21 startup/startup_stm32f103xb.o
 .ARM.attributes
                0x0000000000000335       0x2d c:/st/stm32cubeide_1.0.1/stm32cubeide/plugins/com.st.stm32cube.ide.mcu.externaltools.gnu-tools-for-stm32.7-2018-q2-update.win32_1.0.0.201904181610/tools/bin/../lib/gcc/arm-none-eabi/7.3.1/../../../../arm-none-eabi/lib/thumb/v7-m\libc_nano.a(lib_a-init.o)
 .ARM.attributes
                0x0000000000000362       0x1d c:/st/stm32cubeide_1.0.1/stm32cubeide/plugins/com.st.stm32cube.ide.mcu.externaltools.gnu-tools-for-stm32.7-2018-q2-update.win32_1.0.0.201904181610/tools/bin/../lib/gcc/arm-none-eabi/7.3.1/thumb/v7-m\libgcc.a(_arm_addsubdf3.o)
 .ARM.attributes
                0x000000000000037f       0x1d c:/st/stm32cubeide_1.0.1/stm32cubeide/plugins/com.st.stm32cube.ide.mcu.externaltools.gnu-tools-for-stm32.7-2018-q2-update.win32_1.0.0.201904181610/tools/bin/../lib/gcc/arm-none-eabi/7.3.1/thumb/v7-m\libgcc.a(_arm_muldivdf3.o)
 .ARM.attributes
                0x000000000000039c       0x1d c:/st/stm32cubeide_1.0.1/stm32cubeide/plugins/com.st.stm32cube.ide.mcu.externaltools.gnu-tools-for-stm32.7-2018-q2-update.win32_1.0.0.201904181610/tools/bin/../lib/gcc/arm-none-eabi/7.3.1/thumb/v7-m\libgcc.a(_arm_truncdfsf2.o)
 .ARM.attributes
                0x00000000000003b9       0x1d c:/st/stm32cubeide_1.0.1/stm32cubeide/plugins/com.st.stm32cube.ide.mcu.externaltools.gnu-tools-for-stm32.7-2018-q2-update.win32_1.0.0.201904181610/tools/bin/../lib/gcc/arm-none-eabi/7.3.1/thumb/v7-m\libgcc.a(_arm_addsubsf3.o)
 .ARM.attributes
                0x00000000000003d6       0x1d c:/st/stm32cubeide_1.0.1/stm32cubeide/plugins/com.st.stm32cube.ide.mcu.externaltools.gnu-tools-for-stm32.7-2018-q2-update.win32_1.0.0.201904181610/tools/bin/../lib/gcc/arm-none-eabi/7.3.1/thumb/v7-m\libgcc.a(_arm_muldivsf3.o)
 .ARM.attributes
                0x00000000000003f3       0x1d c:/st/stm32cubeide_1.0.1/stm32cubeide/plugins/com.st.stm32cube.ide.mcu.externaltools.gnu-tools-for-stm32.7-2018-q2-update.win32_1.0.0.201904181610/tools/bin/../lib/gcc/arm-none-eabi/7.3.1/thumb/v7-m\libgcc.a(_arm_cmpsf2.o)
 .ARM.attributes
                0x0000000000000410       0x1d c:/st/stm32cubeide_1.0.1/stm32cubeide/plugins/com.st.stm32cube.ide.mcu.externaltools.gnu-tools-for-stm32.7-2018-q2-update.win32_1.0.0.201904181610/tools/bin/../lib/gcc/arm-none-eabi/7.3.1/thumb/v7-m\libgcc.a(_arm_fixunssfsi.o)
 .ARM.attributes
                0x000000000000042d       0x1d c:/st/stm32cubeide_1.0.1/stm32cubeide/plugins/com.st.stm32cube.ide.mcu.externaltools.gnu-tools-for-stm32.7-2018-q2-update.win32_1.0.0.201904181610/tools/bin/../lib/gcc/arm-none-eabi/7.3.1/thumb/v7-m/crtn.o
OUTPUT(XEDOLINE.elf elf32-littlearm)

.debug_info     0x0000000000000000     0xcaf6
 .debug_info    0x0000000000000000      0x7a9 Drivers/STM32F1xx_HAL_Driver/Src/stm32f1xx_hal.o
 .debug_info    0x00000000000007a9      0xcaa Drivers/STM32F1xx_HAL_Driver/Src/stm32f1xx_hal_cortex.o
 .debug_info    0x0000000000001453      0x83b Drivers/STM32F1xx_HAL_Driver/Src/stm32f1xx_hal_dma.o
 .debug_info    0x0000000000001c8e      0x690 Drivers/STM32F1xx_HAL_Driver/Src/stm32f1xx_hal_gpio.o
 .debug_info    0x000000000000231e      0x9e4 Drivers/STM32F1xx_HAL_Driver/Src/stm32f1xx_hal_rcc.o
 .debug_info    0x0000000000002d02     0x3186 Drivers/STM32F1xx_HAL_Driver/Src/stm32f1xx_hal_tim.o
 .debug_info    0x0000000000005e88     0x1496 Drivers/STM32F1xx_HAL_Driver/Src/stm32f1xx_hal_tim_ex.o
 .debug_info    0x000000000000731e     0x169e Drivers/STM32F1xx_HAL_Driver/Src/stm32f1xx_hal_uart.o
 .debug_info    0x00000000000089bc      0x2a4 Src/PID.o
 .debug_info    0x0000000000008c60      0x3bc Src/control.o
 .debug_info    0x000000000000901c     0x1e96 Src/main.o
 .debug_info    0x000000000000aeb2      0xe7a Src/stm32f1xx_hal_msp.o
 .debug_info    0x000000000000bd2c      0x96e Src/stm32f1xx_it.o
 .debug_info    0x000000000000c69a      0x43a Src/system_stm32f1xx.o
 .debug_info    0x000000000000cad4       0x22 startup/startup_stm32f103xb.o

.debug_abbrev   0x0000000000000000     0x1c6c
 .debug_abbrev  0x0000000000000000      0x1fe Drivers/STM32F1xx_HAL_Driver/Src/stm32f1xx_hal.o
 .debug_abbrev  0x00000000000001fe      0x303 Drivers/STM32F1xx_HAL_Driver/Src/stm32f1xx_hal_cortex.o
 .debug_abbrev  0x0000000000000501      0x23c Drivers/STM32F1xx_HAL_Driver/Src/stm32f1xx_hal_dma.o
 .debug_abbrev  0x000000000000073d      0x1de Drivers/STM32F1xx_HAL_Driver/Src/stm32f1xx_hal_gpio.o
 .debug_abbrev  0x000000000000091b      0x257 Drivers/STM32F1xx_HAL_Driver/Src/stm32f1xx_hal_rcc.o
 .debug_abbrev  0x0000000000000b72      0x237 Drivers/STM32F1xx_HAL_Driver/Src/stm32f1xx_hal_tim.o
 .debug_abbrev  0x0000000000000da9      0x237 Drivers/STM32F1xx_HAL_Driver/Src/stm32f1xx_hal_tim_ex.o
 .debug_abbrev  0x0000000000000fe0      0x25f Drivers/STM32F1xx_HAL_Driver/Src/stm32f1xx_hal_uart.o
 .debug_abbrev  0x000000000000123f      0x12b Src/PID.o
 .debug_abbrev  0x000000000000136a      0x11d Src/control.o
 .debug_abbrev  0x0000000000001487      0x31f Src/main.o
 .debug_abbrev  0x00000000000017a6      0x208 Src/stm32f1xx_hal_msp.o
 .debug_abbrev  0x00000000000019ae      0x178 Src/stm32f1xx_it.o
 .debug_abbrev  0x0000000000001b26      0x134 Src/system_stm32f1xx.o
 .debug_abbrev  0x0000000000001c5a       0x12 startup/startup_stm32f103xb.o

.debug_loc      0x0000000000000000     0x79ef
 .debug_loc     0x0000000000000000      0x104 Drivers/STM32F1xx_HAL_Driver/Src/stm32f1xx_hal.o
 .debug_loc     0x0000000000000104      0x5ad Drivers/STM32F1xx_HAL_Driver/Src/stm32f1xx_hal_cortex.o
 .debug_loc     0x00000000000006b1      0x7c6 Drivers/STM32F1xx_HAL_Driver/Src/stm32f1xx_hal_dma.o
 .debug_loc     0x0000000000000e77      0x3b7 Drivers/STM32F1xx_HAL_Driver/Src/stm32f1xx_hal_gpio.o
 .debug_loc     0x000000000000122e      0x4bb Drivers/STM32F1xx_HAL_Driver/Src/stm32f1xx_hal_rcc.o
 .debug_loc     0x00000000000016e9     0x38d5 Drivers/STM32F1xx_HAL_Driver/Src/stm32f1xx_hal_tim.o
 .debug_loc     0x0000000000004fbe     0x119d Drivers/STM32F1xx_HAL_Driver/Src/stm32f1xx_hal_tim_ex.o
 .debug_loc     0x000000000000615b     0x1533 Drivers/STM32F1xx_HAL_Driver/Src/stm32f1xx_hal_uart.o
 .debug_loc     0x000000000000768e       0x7d Src/PID.o
 .debug_loc     0x000000000000770b       0xde Src/main.o
 .debug_loc     0x00000000000077e9      0x127 Src/stm32f1xx_hal_msp.o
 .debug_loc     0x0000000000007910       0xdf Src/system_stm32f1xx.o

.debug_aranges  0x0000000000000000      0xb80
 .debug_aranges
                0x0000000000000000       0xe0 Drivers/STM32F1xx_HAL_Driver/Src/stm32f1xx_hal.o
 .debug_aranges
                0x00000000000000e0       0x90 Drivers/STM32F1xx_HAL_Driver/Src/stm32f1xx_hal_cortex.o
 .debug_aranges
                0x0000000000000170       0x80 Drivers/STM32F1xx_HAL_Driver/Src/stm32f1xx_hal_dma.o
 .debug_aranges
                0x00000000000001f0       0x58 Drivers/STM32F1xx_HAL_Driver/Src/stm32f1xx_hal_gpio.o
 .debug_aranges
                0x0000000000000248       0x90 Drivers/STM32F1xx_HAL_Driver/Src/stm32f1xx_hal_rcc.o
 .debug_aranges
                0x00000000000002d8      0x3a8 Drivers/STM32F1xx_HAL_Driver/Src/stm32f1xx_hal_tim.o
 .debug_aranges
                0x0000000000000680      0x150 Drivers/STM32F1xx_HAL_Driver/Src/stm32f1xx_hal_tim_ex.o
 .debug_aranges
                0x00000000000007d0      0x1d0 Drivers/STM32F1xx_HAL_Driver/Src/stm32f1xx_hal_uart.o
 .debug_aranges
                0x00000000000009a0       0x28 Src/PID.o
 .debug_aranges
                0x00000000000009c8       0x30 Src/control.o
 .debug_aranges
                0x00000000000009f8       0x70 Src/main.o
 .debug_aranges
                0x0000000000000a68       0x48 Src/stm32f1xx_hal_msp.o
 .debug_aranges
                0x0000000000000ab0       0x80 Src/stm32f1xx_it.o
 .debug_aranges
                0x0000000000000b30       0x28 Src/system_stm32f1xx.o
 .debug_aranges
                0x0000000000000b58       0x28 startup/startup_stm32f103xb.o

.debug_ranges   0x0000000000000000      0xb18
 .debug_ranges  0x0000000000000000       0xd0 Drivers/STM32F1xx_HAL_Driver/Src/stm32f1xx_hal.o
 .debug_ranges  0x00000000000000d0       0xe0 Drivers/STM32F1xx_HAL_Driver/Src/stm32f1xx_hal_cortex.o
 .debug_ranges  0x00000000000001b0       0x70 Drivers/STM32F1xx_HAL_Driver/Src/stm32f1xx_hal_dma.o
 .debug_ranges  0x0000000000000220       0x48 Drivers/STM32F1xx_HAL_Driver/Src/stm32f1xx_hal_gpio.o
 .debug_ranges  0x0000000000000268       0xa0 Drivers/STM32F1xx_HAL_Driver/Src/stm32f1xx_hal_rcc.o
 .debug_ranges  0x0000000000000308      0x398 Drivers/STM32F1xx_HAL_Driver/Src/stm32f1xx_hal_tim.o
 .debug_ranges  0x00000000000006a0      0x140 Drivers/STM32F1xx_HAL_Driver/Src/stm32f1xx_hal_tim_ex.o
 .debug_ranges  0x00000000000007e0      0x1c0 Drivers/STM32F1xx_HAL_Driver/Src/stm32f1xx_hal_uart.o
 .debug_ranges  0x00000000000009a0       0x18 Src/PID.o
 .debug_ranges  0x00000000000009b8       0x20 Src/control.o
 .debug_ranges  0x00000000000009d8       0x60 Src/main.o
 .debug_ranges  0x0000000000000a38       0x38 Src/stm32f1xx_hal_msp.o
 .debug_ranges  0x0000000000000a70       0x70 Src/stm32f1xx_it.o
 .debug_ranges  0x0000000000000ae0       0x18 Src/system_stm32f1xx.o
 .debug_ranges  0x0000000000000af8       0x20 startup/startup_stm32f103xb.o

.debug_macro    0x0000000000000000    0x14590
 .debug_macro   0x0000000000000000      0x1be Drivers/STM32F1xx_HAL_Driver/Src/stm32f1xx_hal.o
 .debug_macro   0x00000000000001be      0xa60 Drivers/STM32F1xx_HAL_Driver/Src/stm32f1xx_hal.o
 .debug_macro   0x0000000000000c1e      0x221 Drivers/STM32F1xx_HAL_Driver/Src/stm32f1xx_hal.o
 .debug_macro   0x0000000000000e3f       0x2e Drivers/STM32F1xx_HAL_Driver/Src/stm32f1xx_hal.o
 .debug_macro   0x0000000000000e6d       0x22 Drivers/STM32F1xx_HAL_Driver/Src/stm32f1xx_hal.o
 .debug_macro   0x0000000000000e8f       0x22 Drivers/STM32F1xx_HAL_Driver/Src/stm32f1xx_hal.o
 .debug_macro   0x0000000000000eb1       0x8e Drivers/STM32F1xx_HAL_Driver/Src/stm32f1xx_hal.o
 .debug_macro   0x0000000000000f3f       0x51 Drivers/STM32F1xx_HAL_Driver/Src/stm32f1xx_hal.o
 .debug_macro   0x0000000000000f90       0xef Drivers/STM32F1xx_HAL_Driver/Src/stm32f1xx_hal.o
 .debug_macro   0x000000000000107f       0x6a Drivers/STM32F1xx_HAL_Driver/Src/stm32f1xx_hal.o
 .debug_macro   0x00000000000010e9      0x1df Drivers/STM32F1xx_HAL_Driver/Src/stm32f1xx_hal.o
 .debug_macro   0x00000000000012c8       0x1c Drivers/STM32F1xx_HAL_Driver/Src/stm32f1xx_hal.o
 .debug_macro   0x00000000000012e4       0x22 Drivers/STM32F1xx_HAL_Driver/Src/stm32f1xx_hal.o
 .debug_macro   0x0000000000001306       0xc3 Drivers/STM32F1xx_HAL_Driver/Src/stm32f1xx_hal.o
 .debug_macro   0x00000000000013c9      0xd23 Drivers/STM32F1xx_HAL_Driver/Src/stm32f1xx_hal.o
 .debug_macro   0x00000000000020ec     0xe09e Drivers/STM32F1xx_HAL_Driver/Src/stm32f1xx_hal.o
 .debug_macro   0x000000000001018a       0x43 Drivers/STM32F1xx_HAL_Driver/Src/stm32f1xx_hal.o
 .debug_macro   0x00000000000101cd      0x174 Drivers/STM32F1xx_HAL_Driver/Src/stm32f1xx_hal.o
 .debug_macro   0x0000000000010341       0x4e Drivers/STM32F1xx_HAL_Driver/Src/stm32f1xx_hal.o
 .debug_macro   0x000000000001038f      0x5be Drivers/STM32F1xx_HAL_Driver/Src/stm32f1xx_hal.o
 .debug_macro   0x000000000001094d      0x289 Drivers/STM32F1xx_HAL_Driver/Src/stm32f1xx_hal.o
 .debug_macro   0x0000000000010bd6      0x1cb Drivers/STM32F1xx_HAL_Driver/Src/stm32f1xx_hal.o
 .debug_macro   0x0000000000010da1      0x114 Drivers/STM32F1xx_HAL_Driver/Src/stm32f1xx_hal.o
 .debug_macro   0x0000000000010eb5      0x1b2 Drivers/STM32F1xx_HAL_Driver/Src/stm32f1xx_hal.o
 .debug_macro   0x0000000000011067       0x27 Drivers/STM32F1xx_HAL_Driver/Src/stm32f1xx_hal.o
 .debug_macro   0x000000000001108e      0x136 Drivers/STM32F1xx_HAL_Driver/Src/stm32f1xx_hal.o
 .debug_macro   0x00000000000111c4      0x1bc Drivers/STM32F1xx_HAL_Driver/Src/stm32f1xx_hal.o
 .debug_macro   0x0000000000011380       0x34 Drivers/STM32F1xx_HAL_Driver/Src/stm32f1xx_hal.o
 .debug_macro   0x00000000000113b4       0x3c Drivers/STM32F1xx_HAL_Driver/Src/stm32f1xx_hal.o
 .debug_macro   0x00000000000113f0       0x57 Drivers/STM32F1xx_HAL_Driver/Src/stm32f1xx_hal.o
 .debug_macro   0x0000000000011447       0x88 Drivers/STM32F1xx_HAL_Driver/Src/stm32f1xx_hal.o
 .debug_macro   0x00000000000114cf      0x241 Drivers/STM32F1xx_HAL_Driver/Src/stm32f1xx_hal.o
 .debug_macro   0x0000000000011710      0x141 Drivers/STM32F1xx_HAL_Driver/Src/stm32f1xx_hal.o
 .debug_macro   0x0000000000011851      0x88b Drivers/STM32F1xx_HAL_Driver/Src/stm32f1xx_hal.o
 .debug_macro   0x00000000000120dc      0x26b Drivers/STM32F1xx_HAL_Driver/Src/stm32f1xx_hal.o
 .debug_macro   0x0000000000012347       0x83 Drivers/STM32F1xx_HAL_Driver/Src/stm32f1xx_hal.o
 .debug_macro   0x00000000000123ca      0x19a Drivers/STM32F1xx_HAL_Driver/Src/stm32f1xx_hal_cortex.o
 .debug_macro   0x0000000000012564      0x19a Drivers/STM32F1xx_HAL_Driver/Src/stm32f1xx_hal_dma.o
 .debug_macro   0x00000000000126fe      0x205 Drivers/STM32F1xx_HAL_Driver/Src/stm32f1xx_hal_gpio.o
 .debug_macro   0x0000000000012903      0x1ac Drivers/STM32F1xx_HAL_Driver/Src/stm32f1xx_hal_rcc.o
 .debug_macro   0x0000000000012aaf      0x19b Drivers/STM32F1xx_HAL_Driver/Src/stm32f1xx_hal_tim.o
 .debug_macro   0x0000000000012c4a      0x19a Drivers/STM32F1xx_HAL_Driver/Src/stm32f1xx_hal_tim_ex.o
 .debug_macro   0x0000000000012de4      0x19b Drivers/STM32F1xx_HAL_Driver/Src/stm32f1xx_hal_uart.o
 .debug_macro   0x0000000000012f7f      0x1a4 Src/PID.o
 .debug_macro   0x0000000000013123      0x1a4 Src/control.o
 .debug_macro   0x00000000000132c7      0x33e Src/main.o
 .debug_macro   0x0000000000013605       0x46 Src/main.o
 .debug_macro   0x000000000001364b       0x18 Src/main.o
 .debug_macro   0x0000000000013663       0x3c Src/main.o
 .debug_macro   0x000000000001369f       0x34 Src/main.o
 .debug_macro   0x00000000000136d3       0x52 Src/main.o
 .debug_macro   0x0000000000013725       0x1f Src/main.o
 .debug_macro   0x0000000000013744       0x43 Src/main.o
 .debug_macro   0x0000000000013787       0x20 Src/main.o
 .debug_macro   0x00000000000137a7      0x1a3 Src/main.o
 .debug_macro   0x000000000001394a      0x32a Src/main.o
 .debug_macro   0x0000000000013c74       0x10 Src/main.o
 .debug_macro   0x0000000000013c84       0x35 Src/main.o
 .debug_macro   0x0000000000013cb9       0x20 Src/main.o
 .debug_macro   0x0000000000013cd9       0x1c Src/main.o
 .debug_macro   0x0000000000013cf5       0x10 Src/main.o
 .debug_macro   0x0000000000013d05       0x10 Src/main.o
 .debug_macro   0x0000000000013d15       0x1c Src/main.o
 .debug_macro   0x0000000000013d31       0x52 Src/main.o
 .debug_macro   0x0000000000013d83       0x40 Src/main.o
 .debug_macro   0x0000000000013dc3       0x10 Src/main.o
 .debug_macro   0x0000000000013dd3       0x40 Src/main.o
 .debug_macro   0x0000000000013e13       0xd7 Src/main.o
 .debug_macro   0x0000000000013eea       0x1c Src/main.o
 .debug_macro   0x0000000000013f06       0x3d Src/main.o
 .debug_macro   0x0000000000013f43       0x16 Src/main.o
 .debug_macro   0x0000000000013f59      0x145 Src/main.o
 .debug_macro   0x000000000001409e      0x1a4 Src/stm32f1xx_hal_msp.o
 .debug_macro   0x0000000000014242      0x1ae Src/stm32f1xx_it.o
 .debug_macro   0x00000000000143f0      0x1a0 Src/system_stm32f1xx.o

.debug_line     0x0000000000000000     0x88d4
 .debug_line    0x0000000000000000      0x806 Drivers/STM32F1xx_HAL_Driver/Src/stm32f1xx_hal.o
 .debug_line    0x0000000000000806      0x814 Drivers/STM32F1xx_HAL_Driver/Src/stm32f1xx_hal_cortex.o
 .debug_line    0x000000000000101a      0x9b0 Drivers/STM32F1xx_HAL_Driver/Src/stm32f1xx_hal_dma.o
 .debug_line    0x00000000000019ca      0x7d9 Drivers/STM32F1xx_HAL_Driver/Src/stm32f1xx_hal_gpio.o
 .debug_line    0x00000000000021a3      0x90f Drivers/STM32F1xx_HAL_Driver/Src/stm32f1xx_hal_rcc.o
 .debug_line    0x0000000000002ab2     0x1756 Drivers/STM32F1xx_HAL_Driver/Src/stm32f1xx_hal_tim.o
 .debug_line    0x0000000000004208      0xc45 Drivers/STM32F1xx_HAL_Driver/Src/stm32f1xx_hal_tim_ex.o
 .debug_line    0x0000000000004e4d      0xf4c Drivers/STM32F1xx_HAL_Driver/Src/stm32f1xx_hal_uart.o
 .debug_line    0x0000000000005d99      0x63a Src/PID.o
 .debug_line    0x00000000000063d3      0x64c Src/control.o
 .debug_line    0x0000000000006a1f      0x9f5 Src/main.o
 .debug_line    0x0000000000007414      0x6e0 Src/stm32f1xx_hal_msp.o
 .debug_line    0x0000000000007af4      0x704 Src/stm32f1xx_it.o
 .debug_line    0x00000000000081f8      0x65f Src/system_stm32f1xx.o
 .debug_line    0x0000000000008857       0x7d startup/startup_stm32f103xb.o

.debug_str      0x0000000000000000    0x71be2
 .debug_str     0x0000000000000000    0x6acd3 Drivers/STM32F1xx_HAL_Driver/Src/stm32f1xx_hal.o
                                      0x6b00d (size before relaxing)
 .debug_str     0x000000000006acd3      0x2e1 Drivers/STM32F1xx_HAL_Driver/Src/stm32f1xx_hal_cortex.o
                                      0x6afd6 (size before relaxing)
 .debug_str     0x000000000006afb4      0x3f0 Drivers/STM32F1xx_HAL_Driver/Src/stm32f1xx_hal_dma.o
                                      0x6ad24 (size before relaxing)
 .debug_str     0x000000000006b3a4      0x3a4 Drivers/STM32F1xx_HAL_Driver/Src/stm32f1xx_hal_gpio.o
                                      0x6ad01 (size before relaxing)
 .debug_str     0x000000000006b748      0x373 Drivers/STM32F1xx_HAL_Driver/Src/stm32f1xx_hal_rcc.o
                                      0x6ad61 (size before relaxing)
 .debug_str     0x000000000006babb      0xff6 Drivers/STM32F1xx_HAL_Driver/Src/stm32f1xx_hal_tim.o
                                      0x6bb58 (size before relaxing)
 .debug_str     0x000000000006cab1      0x548 Drivers/STM32F1xx_HAL_Driver/Src/stm32f1xx_hal_tim_ex.o
                                      0x6b370 (size before relaxing)
 .debug_str     0x000000000006cff9      0x6dd Drivers/STM32F1xx_HAL_Driver/Src/stm32f1xx_hal_uart.o
                                      0x6b2a0 (size before relaxing)
 .debug_str     0x000000000006d6d6       0xaf Src/PID.o
                                      0x6a961 (size before relaxing)
 .debug_str     0x000000000006d785       0x33 Src/control.o
                                      0x6a932 (size before relaxing)
 .debug_str     0x000000000006d7b8     0x4261 Src/main.o
                                      0x6f8b6 (size before relaxing)
 .debug_str     0x0000000000071a19       0x25 Src/stm32f1xx_hal_msp.o
                                      0x6b31a (size before relaxing)
 .debug_str     0x0000000000071a3e      0x10c Src/stm32f1xx_it.o
                                      0x6afa3 (size before relaxing)
 .debug_str     0x0000000000071b4a       0x69 Src/system_stm32f1xx.o
                                      0x6a9b2 (size before relaxing)
 .debug_str     0x0000000000071bb3       0x2f startup/startup_stm32f103xb.o
                                         0x85 (size before relaxing)

.comment        0x0000000000000000       0x7b
 .comment       0x0000000000000000       0x7b Drivers/STM32F1xx_HAL_Driver/Src/stm32f1xx_hal.o
                                         0x7c (size before relaxing)
 .comment       0x000000000000007b       0x7c Drivers/STM32F1xx_HAL_Driver/Src/stm32f1xx_hal_cortex.o
 .comment       0x000000000000007b       0x7c Drivers/STM32F1xx_HAL_Driver/Src/stm32f1xx_hal_dma.o
 .comment       0x000000000000007b       0x7c Drivers/STM32F1xx_HAL_Driver/Src/stm32f1xx_hal_gpio.o
 .comment       0x000000000000007b       0x7c Drivers/STM32F1xx_HAL_Driver/Src/stm32f1xx_hal_rcc.o
 .comment       0x000000000000007b       0x7c Drivers/STM32F1xx_HAL_Driver/Src/stm32f1xx_hal_tim.o
 .comment       0x000000000000007b       0x7c Drivers/STM32F1xx_HAL_Driver/Src/stm32f1xx_hal_tim_ex.o
 .comment       0x000000000000007b       0x7c Drivers/STM32F1xx_HAL_Driver/Src/stm32f1xx_hal_uart.o
 .comment       0x000000000000007b       0x7c Src/PID.o
 .comment       0x000000000000007b       0x7c Src/control.o
 .comment       0x000000000000007b       0x7c Src/main.o
 .comment       0x000000000000007b       0x7c Src/stm32f1xx_hal_msp.o
 .comment       0x000000000000007b       0x7c Src/stm32f1xx_it.o
 .comment       0x000000000000007b       0x7c Src/system_stm32f1xx.o

.debug_frame    0x0000000000000000     0x2084
 .debug_frame   0x0000000000000000      0x1d0 Drivers/STM32F1xx_HAL_Driver/Src/stm32f1xx_hal.o
 .debug_frame   0x00000000000001d0      0x12c Drivers/STM32F1xx_HAL_Driver/Src/stm32f1xx_hal_cortex.o
 .debug_frame   0x00000000000002fc      0x148 Drivers/STM32F1xx_HAL_Driver/Src/stm32f1xx_hal_dma.o
 .debug_frame   0x0000000000000444       0xe8 Drivers/STM32F1xx_HAL_Driver/Src/stm32f1xx_hal_gpio.o
 .debug_frame   0x000000000000052c      0x198 Drivers/STM32F1xx_HAL_Driver/Src/stm32f1xx_hal_rcc.o
 .debug_frame   0x00000000000006c4      0xa90 Drivers/STM32F1xx_HAL_Driver/Src/stm32f1xx_hal_tim.o
 .debug_frame   0x0000000000001154      0x3b8 Drivers/STM32F1xx_HAL_Driver/Src/stm32f1xx_hal_tim_ex.o
 .debug_frame   0x000000000000150c      0x4e8 Drivers/STM32F1xx_HAL_Driver/Src/stm32f1xx_hal_uart.o
 .debug_frame   0x00000000000019f4       0x4c Src/PID.o
 .debug_frame   0x0000000000001a40       0x58 Src/control.o
 .debug_frame   0x0000000000001a98      0x13c Src/main.o
 .debug_frame   0x0000000000001bd4       0xbc Src/stm32f1xx_hal_msp.o
 .debug_frame   0x0000000000001c90      0x108 Src/stm32f1xx_it.o
 .debug_frame   0x0000000000001d98       0x30 Src/system_stm32f1xx.o
 .debug_frame   0x0000000000001dc8       0x2c c:/st/stm32cubeide_1.0.1/stm32cubeide/plugins/com.st.stm32cube.ide.mcu.externaltools.gnu-tools-for-stm32.7-2018-q2-update.win32_1.0.0.201904181610/tools/bin/../lib/gcc/arm-none-eabi/7.3.1/../../../../arm-none-eabi/lib/thumb/v7-m\libc_nano.a(lib_a-init.o)
 .debug_frame   0x0000000000001df4       0xac c:/st/stm32cubeide_1.0.1/stm32cubeide/plugins/com.st.stm32cube.ide.mcu.externaltools.gnu-tools-for-stm32.7-2018-q2-update.win32_1.0.0.201904181610/tools/bin/../lib/gcc/arm-none-eabi/7.3.1/thumb/v7-m\libgcc.a(_arm_addsubdf3.o)
 .debug_frame   0x0000000000001ea0       0x50 c:/st/stm32cubeide_1.0.1/stm32cubeide/plugins/com.st.stm32cube.ide.mcu.externaltools.gnu-tools-for-stm32.7-2018-q2-update.win32_1.0.0.201904181610/tools/bin/../lib/gcc/arm-none-eabi/7.3.1/thumb/v7-m\libgcc.a(_arm_muldivdf3.o)
 .debug_frame   0x0000000000001ef0       0x24 c:/st/stm32cubeide_1.0.1/stm32cubeide/plugins/com.st.stm32cube.ide.mcu.externaltools.gnu-tools-for-stm32.7-2018-q2-update.win32_1.0.0.201904181610/tools/bin/../lib/gcc/arm-none-eabi/7.3.1/thumb/v7-m\libgcc.a(_arm_truncdfsf2.o)
 .debug_frame   0x0000000000001f14       0x4c c:/st/stm32cubeide_1.0.1/stm32cubeide/plugins/com.st.stm32cube.ide.mcu.externaltools.gnu-tools-for-stm32.7-2018-q2-update.win32_1.0.0.201904181610/tools/bin/../lib/gcc/arm-none-eabi/7.3.1/thumb/v7-m\libgcc.a(_arm_addsubsf3.o)
 .debug_frame   0x0000000000001f60       0x38 c:/st/stm32cubeide_1.0.1/stm32cubeide/plugins/com.st.stm32cube.ide.mcu.externaltools.gnu-tools-for-stm32.7-2018-q2-update.win32_1.0.0.201904181610/tools/bin/../lib/gcc/arm-none-eabi/7.3.1/thumb/v7-m\libgcc.a(_arm_muldivsf3.o)
 .debug_frame   0x0000000000001f98       0xc8 c:/st/stm32cubeide_1.0.1/stm32cubeide/plugins/com.st.stm32cube.ide.mcu.externaltools.gnu-tools-for-stm32.7-2018-q2-update.win32_1.0.0.201904181610/tools/bin/../lib/gcc/arm-none-eabi/7.3.1/thumb/v7-m\libgcc.a(_arm_cmpsf2.o)
 .debug_frame   0x0000000000002060       0x24 c:/st/stm32cubeide_1.0.1/stm32cubeide/plugins/com.st.stm32cube.ide.mcu.externaltools.gnu-tools-for-stm32.7-2018-q2-update.win32_1.0.0.201904181610/tools/bin/../lib/gcc/arm-none-eabi/7.3.1/thumb/v7-m\libgcc.a(_arm_fixunssfsi.o)
